// Jest Snapshot v1, https://goo.gl/fbAQLP

exports[`Render Reader without crashing, matches snapshot 1`] = `
ShallowWrapper {
  Symbol(enzyme.__root__): [Circular],
  Symbol(enzyme.__unrendered__): <_default />,
  Symbol(enzyme.__renderer__): Object {
    "batchedUpdates": [Function],
    "getNode": [Function],
    "render": [Function],
    "simulateEvent": [Function],
    "unmount": [Function],
  },
  Symbol(enzyme.__node__): Object {
    "instance": null,
    "key": "38",
    "nodeType": "host",
    "props": Object {
      "children": Array [
        Array [
          "",
        ],
      ],
      "node": null,
      "parent": Object {
        "getNextBlock": [Function],
      },
    },
    "ref": null,
    "rendered": Array [
      "",
    ],
    "type": "p",
  },
  Symbol(enzyme.__nodes__): Array [
    Object {
      "instance": null,
      "key": "38",
      "nodeType": "host",
      "props": Object {
        "children": Array [
          Array [
            "",
          ],
        ],
        "node": null,
        "parent": Object {
          "getNextBlock": [Function],
        },
      },
      "ref": null,
      "rendered": Array [
        "",
      ],
      "type": "p",
    },
  ],
  Symbol(enzyme.__options__): Object {
    "adapter": ReactSixteenAdapter {
      "options": Object {
        "enableComponentDidUpdateOnSetState": true,
        "lifecycles": Object {
          "componentDidUpdate": Object {
            "onSetState": true,
          },
          "getDerivedStateFromProps": true,
          "getSnapshotBeforeUpdate": true,
          "setState": Object {
            "skipsComponentDidUpdateOnNullish": true,
          },
        },
      },
    },
    "attachTo": undefined,
    "hydrateIn": undefined,
  },
}
`;
